// Vitest Snapshot v1, https://vitest.dev/guide/snapshot.html

exports[`shows viewer info > OUTPUT FORMAT: JSON 1`] = `
::::::::::::::: CLI SUCCESS OUTPUT :::::::::::::::
stdout-------------------------------------------:
{
  "data": {
    "type": "SuccessWhoami",
    "token": {
      "name": "__VAR__"
    },
    "organization": {
      "slug": "__VAR__",
      "url": "__URL__"
    },
    "project": {
      "type": "SINGLE",
      "slug": "__VAR__",
      "url": "__URL__"
    },
    "target": {
      "slug": "__VAR__",
      "url": "__URL__"
    },
    "authorization": {
      "schema": {
        "publish": true,
        "check": true
      }
    }
  },
  "type": "success",
  "warnings": []
}
promise------------------------------------------:
fulfilled
::::::::::::::::::::::::::::::::::::::::::::::::::
`;

exports[`shows viewer info > OUTPUT FORMAT: TEXT 1`] = `
::::::::::::::: CLI SUCCESS OUTPUT :::::::::::::::
stdout-------------------------------------------:
Token name:                 __VAR__                                                                                      

Organization:               __VAR__ https://__URL__                      
Project:                    __VAR__ https://__URL__
Target:                     __VAR__ https://__URL__ 

Access to schema:publish    Yes                                                                                                       
Access to schema:check      Yes                                                                                                       
promise------------------------------------------:
fulfilled
::::::::::::::::::::::::::::::::::::::::::::::::::
`;
