// Vitest Snapshot v1, https://vitest.dev/guide/snapshot.html

exports[`FailureUserInput - { command: 'whoami' } > OUTPUT FORMAT: JSON 1`] = `
::::::::::::::: CLI FAILURE OUTPUT :::::::::::::::
exitCode-----------------------------------------:
2
stderr-------------------------------------------:
 ›   Error: command hive not found
stdout-------------------------------------------:
__NONE__
promise------------------------------------------:
rejected
::::::::::::::::::::::::::::::::::::::::::::::::::
`;

exports[`FailureUserInput - { command: 'whoami' } > OUTPUT FORMAT: TEXT 1`] = `
::::::::::::::: CLI FAILURE OUTPUT :::::::::::::::
exitCode-----------------------------------------:
2
stderr-------------------------------------------:
 ›   Error: command hive not found
stdout-------------------------------------------:
__NONE__
promise------------------------------------------:
rejected
::::::::::::::::::::::::::::::::::::::::::::::::::
`;
